// Jest Snapshot v1, https://goo.gl/fbAQLP

exports[`Prueba de GidGrid Debe Generar el componente 1`] = `
<div
  className="card animate__animated animate__bounce"
>
  <img
    alt="Titulo"
    src="Url"
  />
  <p>
    Titulo
  </p>
</div>
`;
